INFO:     Started server process [23368]
INFO:     Waiting for application startup.
INFO:     Application startup complete.
INFO:     Uvicorn running on http://127.0.0.1:8000 (Press CTRL+C to quit)
INFO:     127.0.0.1:49294 - "WebSocket /ws" [accepted]
INFO:     connection open
INFO:     connection closed
INFO:     127.0.0.1:57229 - "WebSocket /ws" [accepted]
INFO:     connection open
INFO:     connection closed
INFO:     127.0.0.1:54876 - "WebSocket /ws" [accepted]
INFO:     connection open
INFO:     127.0.0.1:60401 - "WebSocket /ws" [accepted]
INFO:     connection closed
ERROR:    Exception in ASGI application
Traceback (most recent call last):
  File "C:\Users\eric\AppData\Roaming\Python\Python313\site-packages\uvicorn\protocols\websockets\websockets_impl.py", line 329, in asgi_send
    await self.send(data)  # type: ignore[arg-type]
    ^^^^^^^^^^^^^^^^^^^^^
  File "C:\Users\eric\AppData\Roaming\Python\Python313\site-packages\websockets\legacy\protocol.py", line 618, in send
    await self.ensure_open()
  File "C:\Users\eric\AppData\Roaming\Python\Python313\site-packages\websockets\legacy\protocol.py", line 916, in ensure_open
    raise self.connection_closed_exc()
websockets.exceptions.ConnectionClosedError: no close frame received or sent

The above exception was the direct cause of the following exception:

Traceback (most recent call last):
  File "C:\Users\eric\AppData\Roaming\Python\Python313\site-packages\starlette\websockets.py", line 86, in send
    await self._send(message)
  File "C:\Users\eric\AppData\Roaming\Python\Python313\site-packages\starlette\_exception_handler.py", line 39, in sender
    await send(message)
  File "C:\Users\eric\AppData\Roaming\Python\Python313\site-packages\uvicorn\protocols\websockets\websockets_impl.py", line 342, in asgi_send
    raise ClientDisconnected from exc
uvicorn.protocols.utils.ClientDisconnected

During handling of the above exception, another exception occurred:

Traceback (most recent call last):
  File "C:\Users\eric\AppData\Roaming\Python\Python313\site-packages\uvicorn\protocols\websockets\websockets_impl.py", line 244, in run_asgi
    result = await self.app(self.scope, self.asgi_receive, self.asgi_send)  # type: ignore[func-returns-value]
             ^^^^^^^^^^^^^^^^^^^^^^^^^^^^^^^^^^^^^^^^^^^^^^^^^^^^^^^^^^^^^
  File "C:\Users\eric\AppData\Roaming\Python\Python313\site-packages\uvicorn\middleware\proxy_headers.py", line 60, in __call__
    return await self.app(scope, receive, send)
           ^^^^^^^^^^^^^^^^^^^^^^^^^^^^^^^^^^^^
  File "C:\Users\eric\AppData\Roaming\Python\Python313\site-packages\fastapi\applications.py", line 1159, in __call__
    await super().__call__(scope, receive, send)
  File "C:\Users\eric\AppData\Roaming\Python\Python313\site-packages\starlette\applications.py", line 107, in __call__
    await self.middleware_stack(scope, receive, send)
  File "C:\Users\eric\AppData\Roaming\Python\Python313\site-packages\starlette\middleware\errors.py", line 151, in __call__
    await self.app(scope, receive, send)
  File "C:\Users\eric\AppData\Roaming\Python\Python313\site-packages\starlette\middleware\exceptions.py", line 63, in __call__
    await wrap_app_handling_exceptions(self.app, conn)(scope, receive, send)
  File "C:\Users\eric\AppData\Roaming\Python\Python313\site-packages\starlette\_exception_handler.py", line 53, in wrapped_app
    raise exc
  File "C:\Users\eric\AppData\Roaming\Python\Python313\site-packages\starlette\_exception_handler.py", line 42, in wrapped_app
    await app(scope, receive, sender)
  File "C:\Users\eric\AppData\Roaming\Python\Python313\site-packages\fastapi\middleware\asyncexitstack.py", line 18, in __call__
    await self.app(scope, receive, send)
  File "C:\Users\eric\AppData\Roaming\Python\Python313\site-packages\starlette\routing.py", line 716, in __call__
    await self.middleware_stack(scope, receive, send)
  File "C:\Users\eric\AppData\Roaming\Python\Python313\site-packages\starlette\routing.py", line 736, in app
    await route.handle(scope, receive, send)
  File "C:\Users\eric\AppData\Roaming\Python\Python313\site-packages\starlette\routing.py", line 364, in handle
    await self.app(scope, receive, send)
  File "C:\Users\eric\AppData\Roaming\Python\Python313\site-packages\fastapi\routing.py", line 160, in app
    await wrap_app_handling_exceptions(app, session)(scope, receive, send)
  File "C:\Users\eric\AppData\Roaming\Python\Python313\site-packages\starlette\_exception_handler.py", line 53, in wrapped_app
    raise exc
  File "C:\Users\eric\AppData\Roaming\Python\Python313\site-packages\starlette\_exception_handler.py", line 42, in wrapped_app
    await app(scope, receive, sender)
  File "C:\Users\eric\AppData\Roaming\Python\Python313\site-packages\fastapi\routing.py", line 157, in app
    await func(session)
  File "C:\Users\eric\AppData\Roaming\Python\Python313\site-packages\fastapi\routing.py", line 764, in app
    await dependant.call(**solved_result.values)
  File "C:\Users\eric\github\sens8tion\thelmic\thelmic\server.py", line 425, in websocket_endpoint
    )
  File "C:\Users\eric\AppData\Roaming\Python\Python313\site-packages\starlette\websockets.py", line 166, in send_text
    await self.send({"type": "websocket.send", "text": data})
  File "C:\Users\eric\AppData\Roaming\Python\Python313\site-packages\starlette\websockets.py", line 89, in send
    raise WebSocketDisconnect(code=1006)
starlette.websockets.WebSocketDisconnect
